// Jest Snapshot v1, https://goo.gl/fbAQLP

exports[`Comment component renders Comment 1`] = `
<Fragment>
  <p>
    comment
  </p>
</Fragment>
`;
